02-10-2026 08:36:59.692 Initialization: OpenSSL validation error (details: Certificate chain validation error: certificate signed by unknown authority)
02-10-2026 08:36:59.751 [656|680] Agent Machine ID = 69bf0e85575094e0dcc4804f0223e6ba
----------Raised Exception--------------02-10-2026 08:37:00.203----------------
EWin32Error PID=656 TID=680 Build=18681

Failed to query size of IP address table: File not found (2)

($CALLTRACE:00032A28:589A6,1,D5,11917F,02184F,1189CF,9674,05854B,16583A,B6,0400D5,423,1B7F9,C03F,2CB,29CC,3FF3,C34C,7BC646FF,0010D658,0400D5,1A7,5F99B,41DF5,0AE9,63320,28FA,6BBC5814,7B629EDE*2,C5C6E4*3,EEB,64)


----------Exception---------------------02-10-2026 08:37:00.204----------------
EWin32Error Code=0x0EEDFADE Flags=0x1 Addr=0x7B012566 PID=656 TID=680 Build=18681

Failed to query size of IP address table: File not found (2)

($CALLTRACE:00032A28:7B012566,C564B7,86,EBE,012560*2,C2FAD0,0001AFF0,7BC0C53A,0782A0,C56318*2,7739,63F7,012560,C2FAD0,507EC,2FAD0*2,0001AFE9,F0,7BC0C53A,0782A0,C2D4B0,012560*2,000589A1,14265,76,B072,589A1*3,D5,11917F,02184F,1189CF,9674,05854B,16583A,B6,0400D5,423,1B7F9,C03F,2CB,29CC,3FF3,C34C,7BC646FF,0010D658,0400D5,1A7,5F99B,41DF5,0AE9,63320,28FA,6BBC5814,7B629EDE*2,C5C6E4*3,EEB,64)

----------Raised Exception--------------02-10-2026 08:37:00.204----------------
EWin32Error PID=656 TID=680 Build=18681

Failed to load network configuration
Failed to query size of IP address table: File not found (2)

($CALLTRACE:00032A28:58322,1D,1189F6,0589A1,7BC564B7,86,EBE,012560*2,C2FAD0,0001AFF0,7BC0C53A,0782A0,C56318*2,7739,63F7,012560,C2FAD0,507EC,2FAD0*2,0001AFE9,F0,7BC0C53A,0782A0,C2D4B0,012560*2,000589A1,14265,76,B072,589A1*3,D5,11917F,02184F,1189CF,9674,05854B,16583A,B6,0400D5,423,1B7F9,C03F,2CB,29CC,3FF3,C34C,7BC646FF,0010D658,0400D5,1A7,5F99B,41DF5,0AE9,63320,28FA,6BBC5814,7B629EDE*2,C5C6E4*3,EEB,64)


----------Exception---------------------02-10-2026 08:37:00.205----------------
EWin32Error Code=0x0EEDFADE Flags=0x1 Addr=0x7B012566 PID=656 TID=680 Build=18681

Failed to load network configuration
Failed to query size of IP address table: File not found (2)

($CALLTRACE:00032A28:7B012566,C564B7,6AAF41C2,7BC56486,EBE,4C3B0,068A,0001AFE9,F0,7BC56318*2,7739,63F7,012560,6AAF41C2,3690,427B,7BC4C3B0*2,068A*2,0001AFE9,F0,7BC0C53A,0782A0,12560*2,0005831D*4,1189F6,0589A1,7BC564B7,86,EBE,012560*2,C2FAD0,0001AFF0,7BC0C53A,0782A0,C56318*2,7739,63F7,012560,C2FAD0,507EC,2FAD0*2,0001AFE9,F0,7BC0C53A,0782A0,C2D4B0,012560*2,000589A1,14265,76,B072,589A1*3,D5,11917F,02184F,1189CF,9674,05854B,16583A,B6,0400D5,423,1B7F9,C03F,2CB,29CC,3FF3,C34C,7BC646FF,0010D658,0400D5,1A7,5F99B,41DF5,0AE9,63320,28FA,6BBC5814,7B629EDE*2,C5C6E4*3,EEB,64)

----------Notify Queue Warning----------02-10-2026 08:39:39.868----------------

Shutting down with 1 undelivered notifications in Primary Queue (Normal).
02-10-2026 08:39:47.462 Initialization: OpenSSL validation error (details: Certificate chain validation error: certificate signed by unknown authority)
02-10-2026 08:39:47.523 [1184|1208] Agent Machine ID = 69bf0e85575094e0dcc4804f0223e6ba
----------Raised Exception--------------02-10-2026 08:39:47.630----------------
EWin32Error PID=1184 TID=1208 Build=18415

Failed to query size of IP address table: File not found (2)

($CALLTRACE:000328E0:582B1,E5,117773,02178B,116FC3,7C68,057E5B,163E06,82,03FE29,FC,40177,1B735,F7B,C207,29CC,3FF3,C288,7BC646FF,0010BC4C,03FE29,FB,5EB3F,41B49,083D,620B4,168E,6BBC5814,7B629EDE*2,C5C6E4*3,EEB,64)


----------Exception---------------------02-10-2026 08:39:47.630----------------
EWin32Error   Code=0x0EEDFADE   Flags=0x1   Addr=0x7B012566   PID=1184   TID=1208   Build=18415

Failed to query size of IP address table: File not found (2)

($CALLTRACE:000328E0:7B012566,000582B1*3,E5,117773,02178B,116FC3,7C68,057E5B,163E06,82,03FE29,FC,40177,1B735,F7B,C207,29CC,3FF3,C288,7BC646FF,0010BC4C,03FE29,FB,5EB3F,41B49,083D,620B4,168E,6BBC5814,7B629EDE*2,C5C6E4*3,EEB,64)

----------Raised Exception--------------02-10-2026 08:39:47.630----------------
EWin32Error PID=1184 TID=1208 Build=18415

Failed to load network configuration
Failed to query size of IP address table: File not found (2)

($CALLTRACE:000328E0:57C2D,116FEA,0582B1,7BC564B7,86,EBE,012560*2,C2FAD0,0001AFD1,7BC0C53A,0782A0,C56318*2,7739,63F7,012560,C2FAD0,507EC,2FAD0*2,0001AFD1,7BC0C53A,0782A0,12560*2,000582B1,14265,76,B05A,582B1*3,E5,117773,02178B,116FC3,7C68,057E5B,163E06,82,03FE29,FC,40177,1B735,F7B,C207,29CC,3FF3,C288,7BC646FF,0010BC4C,03FE29,FB,5EB3F,41B49,083D,620B4,168E,6BBC5814,7B629EDE*2,C5C6E4*3,EEB,64)


----------Exception---------------------02-10-2026 08:39:47.630----------------
EWin32Error   Code=0x0EEDFADE   Flags=0x1   Addr=0x7B012566   PID=1184   TID=1208   Build=18415

Failed to load network configuration
Failed to query size of IP address table: File not found (2)

($CALLTRACE:000328E0:7B012566,00057C2D*3,116FEA,0582B1,7BC564B7,86,EBE,012560*2,C2FAD0,0001AFD1,7BC0C53A,0782A0,C56318*2,7739,63F7,012560,C2FAD0,507EC,2FAD0*2,0001AFD1,7BC0C53A,0782A0,12560*2,000582B1,14265,76,B05A,582B1*3,E5,117773,02178B,116FC3,7C68,057E5B,163E06,82,03FE29,FC,40177,1B735,F7B,C207,29CC,3FF3,C288,7BC646FF,0010BC4C,03FE29,FB,5EB3F,41B49,083D,620B4,168E,6BBC5814,7B629EDE*2,C5C6E4*3,EEB,64)

02-10-2026 08:45:53.167 Initialization: OpenSSL validation error (details: Certificate chain validation error: certificate signed by unknown authority)
02-10-2026 08:45:53.575 [68|116] Agent Machine ID = 69bf0e85575094e0dcc4804f0223e6ba
----------Raised Exception--------------02-10-2026 08:45:53.615----------------
EWin32Error PID=68 TID=116 Build=18415

Failed to query size of IP address table: File not found (2)

($CALLTRACE:000328E0:582B1,E5,117773,02178B,116FC3,7C68,057E5B,163E06,82,03FE29,FC,40177,1B735,F7B,C207,29CC,3FF3,C288,7BC646FF,0010BC4C,03FE29,FB,5EB3F,41B49,083D,620B4,168E,6BBC5814,7B629EDE*2,C5C6E4*3,EEB,64)


----------Exception---------------------02-10-2026 08:45:53.621----------------
EWin32Error   Code=0x0EEDFADE   Flags=0x1   Addr=0x7B012566   PID=68   TID=116   Build=18415

Failed to query size of IP address table: File not found (2)

($CALLTRACE:000328E0:7B012566,000582B1*3,E5,117773,02178B,116FC3,7C68,057E5B,163E06,82,03FE29,FC,40177,1B735,F7B,C207,29CC,3FF3,C288,7BC646FF,0010BC4C,03FE29,FB,5EB3F,41B49,083D,620B4,168E,6BBC5814,7B629EDE*2,C5C6E4*3,EEB,64)

----------Raised Exception--------------02-10-2026 08:45:53.621----------------
EWin32Error PID=68 TID=116 Build=18415

Failed to load network configuration
Failed to query size of IP address table: File not found (2)

($CALLTRACE:000328E0:57C2D,116FEA,0582B1,7BC564B7,86,EBE,012560*2,C2FAD0,0001AFD1,7BC0C53A,0782A0,C56318*2,7739,63F7,012560,C2FAD0,507EC,2FAD0*2,0001AFD1,7BC0C53A,0782A0,12560*2,000582B1,14265,76,B05A,582B1*3,E5,117773,02178B,116FC3,7C68,057E5B,163E06,82,03FE29,FC,40177,1B735,F7B,C207,29CC,3FF3,C288,7BC646FF,0010BC4C,03FE29,FB,5EB3F,41B49,083D,620B4,168E,6BBC5814,7B629EDE*2,C5C6E4*3,EEB,64)


----------Exception---------------------02-10-2026 08:45:53.628----------------
EWin32Error   Code=0x0EEDFADE   Flags=0x1   Addr=0x7B012566   PID=68   TID=116   Build=18415

Failed to load network configuration
Failed to query size of IP address table: File not found (2)

($CALLTRACE:000328E0:7B012566,00057C2D*3,116FEA,0582B1,7BC564B7,86,EBE,012560*2,C2FAD0,0001AFD1,7BC0C53A,0782A0,C56318*2,7739,63F7,012560,C2FAD0,507EC,2FAD0*2,0001AFD1,7BC0C53A,0782A0,12560*2,000582B1,14265,76,B05A,582B1*3,E5,117773,02178B,116FC3,7C68,057E5B,163E06,82,03FE29,FC,40177,1B735,F7B,C207,29CC,3FF3,C288,7BC646FF,0010BC4C,03FE29,FB,5EB3F,41B49,083D,620B4,168E,6BBC5814,7B629EDE*2,C5C6E4*3,EEB,64)

----------Raised Exception--------------02-10-2026 08:47:04.840----------------
EWin32Error PID=68 TID=116 Build=18415

Failed to send control request to service: Broken pipe (109)

($CALLTRACE:000328E0:582B1,304,139,60A68,131A8,1C45BE,0131A8,57E5B,1C9B8E,0131A8,57E5B,62433,0CC,168E,6BBC5814,7B629EDE*2,C5C6E4*3,EEB,64)


----------Exception---------------------02-10-2026 08:47:04.841----------------
EWin32Error   Code=0x0EEDFADE   Flags=0x1   Addr=0x7B012566   PID=68   TID=116   Build=18415

Failed to send control request to service: Broken pipe (109)

($CALLTRACE:000328E0:7B012566,000582B1*3,304,139,60A68,131A8,1C45BE,0131A8,57E5B,1C9B8E,0131A8,57E5B,62433,0CC,168E,6BBC5814,7B629EDE*2,C5C6E4*3,EEB,64)

----------Raised Exception--------------02-10-2026 08:47:04.842----------------
EWin32Error PID=68 TID=116 Build=18415

Cannot stop service: Incredibuild BuildCache
Failed to send control request to service: Broken pipe (109)

($CALLTRACE:000328E0:57C2D,A6,60B16,582B1,7BC564B7,27EC9,56486,EBE,2FAD0*2,0001AFD1,8,7BC56318*2,7739,63F7,012560,C27EC9*2,FAD0,7066,FAD0*2,0001AFD1,8,7BC0C53A,0782A0,12560,6BBC6B67,7B012560,000582B1,14265,76,582B1*3,304,139,60A68,131A8,1C45BE,0131A8,57E5B,1C9B8E,0131A8,57E5B,62433,0CC,168E,6BBC5814,7B629EDE*2,C5C6E4*3,EEB,64)


----------Exception---------------------02-10-2026 08:47:04.842----------------
EWin32Error   Code=0x0EEDFADE   Flags=0x1   Addr=0x7B012566   PID=68   TID=116   Build=18415

Cannot stop service: Incredibuild BuildCache
Failed to send control request to service: Broken pipe (109)

($CALLTRACE:000328E0:7B012566,00057C2D*3,A6,60B16,582B1,7BC564B7,27EC9,56486,EBE,2FAD0*2,0001AFD1,8,7BC56318*2,7739,63F7,012560,C27EC9*2,FAD0,7066,FAD0*2,0001AFD1,8,7BC0C53A,0782A0,12560,6BBC6B67,7B012560,000582B1,14265,76,582B1*3,304,139,60A68,131A8,1C45BE,0131A8,57E5B,1C9B8E,0131A8,57E5B,62433,0CC,168E,6BBC5814,7B629EDE*2,C5C6E4*3,EEB,64)

----------Raised Exception--------------02-10-2026 08:47:04.843----------------
EWin32Error PID=68 TID=116 Build=18415

Error detected while destroying Service object.
Cannot stop service: Incredibuild BuildCache
Failed to send control request to service: Broken pipe (109)

($CALLTRACE:000328E0:57C2D,1C9BDD,057C2D,7BC564B7,86,EBE,6BBC74B7,0001AFD1,8,7BC56318,00013912,7BC56318,7739,63F7,012560,6BBC7529*2,7BC579ED,4068A,6BBC74B7,7BC285D9,0001AFD1,8,7BC0C53A,0782A0,00013912,7B012560*2,00057C2D*4,A6,60B16,582B1,7BC564B7,27EC9,56486,EBE,2FAD0*2,0001AFD1,8,7BC56318*2,7739,63F7,012560,C27EC9*2,FAD0,7066,FAD0*2,0001AFD1,8,7BC0C53A,0782A0,12560,6BBC6B67,7B012560,000582B1,14265,76,582B1*3,304,139,60A68,131A8,1C45BE,0131A8,57E5B,1C9B8E,0131A8,57E5B,62433,0CC,168E,6BBC5814,7B629EDE*2,C5C6E4*3,EEB,64)


----------Exception---------------------02-10-2026 08:47:04.843----------------
EWin32Error   Code=0x0EEDFADE   Flags=0x1   Addr=0x7B012566   PID=68   TID=116   Build=18415

Error detected while destroying Service object.
Cannot stop service: Incredibuild BuildCache
Failed to send control request to service: Broken pipe (109)

($CALLTRACE:000328E0:7B012566,00057C2D*3,1C9BDD,057C2D,7BC564B7,86,EBE,6BBC74B7,0001AFD1,8,7BC56318,00013912,7BC56318,7739,63F7,012560,6BBC7529*2,7BC579ED,4068A,6BBC74B7,7BC285D9,0001AFD1,8,7BC0C53A,0782A0,00013912,7B012560*2,00057C2D*4,A6,60B16,582B1,7BC564B7,27EC9,56486,EBE,2FAD0*2,0001AFD1,8,7BC56318*2,7739,63F7,012560,C27EC9*2,FAD0,7066,FAD0*2,0001AFD1,8,7BC0C53A,0782A0,12560,6BBC6B67,7B012560,000582B1,14265,76,582B1*3,304,139,60A68,131A8,1C45BE,0131A8,57E5B,1C9B8E,0131A8,57E5B,62433,0CC,168E,6BBC5814,7B629EDE*2,C5C6E4*3,EEB,64)

02-10-2026 08:52:20.970 Initialization: OpenSSL validation error (details: Certificate chain validation error: certificate signed by unknown authority)
02-10-2026 08:52:21.036 [856|880] Agent Machine ID = 69bf0e85575094e0dcc4804f0223e6ba
----------Raised Exception--------------02-10-2026 08:52:21.464----------------
EWin32Error PID=856 TID=880 Build=18681

Failed to query size of IP address table: File not found (2)

($CALLTRACE:00032A28:589A6,1,D5,11917F,02184F,1189CF,9674,05854B,16583A,B6,0400D5,423,1B7F9,C03F,2CB,29CC,3FF3,C34C,7BC646FF,0010D658,0400D5,1A7,5F99B,41DF5,0AE9,63320,28FA,6BBC5814,7B629EDE*2,C5C6E4*3,EEB,64)


----------Exception---------------------02-10-2026 08:52:21.465----------------
EWin32Error Code=0x0EEDFADE Flags=0x1 Addr=0x7B012566 PID=856 TID=880 Build=18681

Failed to query size of IP address table: File not found (2)

($CALLTRACE:00032A28:7B012566,C564B7,86,EBE,012560*2,C2FAD0,0001AFF0,7BC0C53A,0782A0,C56318*2,7739,63F7,012560,C2FAD0,507EC,2FAD0*2,0001AFE9,F0,7BC0C53A,0782A0,C2D4B0,012560*2,000589A1,14265,76,B072,589A1*3,D5,11917F,02184F,1189CF,9674,05854B,16583A,B6,0400D5,423,1B7F9,C03F,2CB,29CC,3FF3,C34C,7BC646FF,0010D658,0400D5,1A7,5F99B,41DF5,0AE9,63320,28FA,6BBC5814,7B629EDE*2,C5C6E4*3,EEB,64)

----------Raised Exception--------------02-10-2026 08:52:21.467----------------
EWin32Error PID=856 TID=880 Build=18681

Failed to load network configuration
Failed to query size of IP address table: File not found (2)

($CALLTRACE:00032A28:58322,1D,1189F6,0589A1,7BC564B7,86,EBE,012560*2,C2FAD0,0001AFF0,7BC0C53A,0782A0,C56318*2,7739,63F7,012560,C2FAD0,507EC,2FAD0*2,0001AFE9,F0,7BC0C53A,0782A0,C2D4B0,012560*2,000589A1,14265,76,B072,589A1*3,D5,11917F,02184F,1189CF,9674,05854B,16583A,B6,0400D5,423,1B7F9,C03F,2CB,29CC,3FF3,C34C,7BC646FF,0010D658,0400D5,1A7,5F99B,41DF5,0AE9,63320,28FA,6BBC5814,7B629EDE*2,C5C6E4*3,EEB,64)


----------Exception---------------------02-10-2026 08:52:21.468----------------
EWin32Error Code=0x0EEDFADE Flags=0x1 Addr=0x7B012566 PID=856 TID=880 Build=18681

Failed to load network configuration
Failed to query size of IP address table: File not found (2)

($CALLTRACE:00032A28:7B012566,C564B7,86,EBE,4C3B0,068A,0001AFE9,F0,7BC56318*2,7739,63F7,012560,C4C3B0*4,068A*2,0001AFE9,F0,7BC0C53A,0782A0,12560*2,0005831D*4,1189F6,0589A1,7BC564B7,86,EBE,012560*2,C2FAD0,0001AFF0,7BC0C53A,0782A0,C56318*2,7739,63F7,012560,C2FAD0,507EC,2FAD0*2,0001AFE9,F0,7BC0C53A,0782A0,C2D4B0,012560*2,000589A1,14265,76,B072,589A1*3,D5,11917F,02184F,1189CF,9674,05854B,16583A,B6,0400D5,423,1B7F9,C03F,2CB,29CC,3FF3,C34C,7BC646FF,0010D658,0400D5,1A7,5F99B,41DF5,0AE9,63320,28FA,6BBC5814,7B629EDE*2,C5C6E4*3,EEB,64)

02-10-2026 08:55:23.038 Initialization: OpenSSL validation error (details: Certificate chain validation error: certificate signed by unknown authority)
02-10-2026 08:55:23.101 [1388|1412] Agent Machine ID = 69bf0e85575094e0dcc4804f0223e6ba
----------Raised Exception--------------02-10-2026 08:55:23.195----------------
EWin32Error PID=1388 TID=1412 Build=18415

Failed to query size of IP address table: File not found (2)

($CALLTRACE:000328E0:582B1,E5,117773,02178B,116FC3,7C68,057E5B,163E06,82,03FE29,FC,40177,1B735,F7B,C207,29CC,3FF3,C288,7BC646FF,0010BC4C,03FE29,FB,5EB3F,41B49,083D,620B4,168E,6BBC5814,7B629EDE*2,C5C6E4*3,EEB,64)


----------Exception---------------------02-10-2026 08:55:23.197----------------
EWin32Error   Code=0x0EEDFADE   Flags=0x1   Addr=0x7B012566   PID=1388   TID=1412   Build=18415

Failed to query size of IP address table: File not found (2)

($CALLTRACE:000328E0:7B012566,000582B1*3,E5,117773,02178B,116FC3,7C68,057E5B,163E06,82,03FE29,FC,40177,1B735,F7B,C207,29CC,3FF3,C288,7BC646FF,0010BC4C,03FE29,FB,5EB3F,41B49,083D,620B4,168E,6BBC5814,7B629EDE*2,C5C6E4*3,EEB,64)

----------Raised Exception--------------02-10-2026 08:55:23.197----------------
EWin32Error PID=1388 TID=1412 Build=18415

Failed to load network configuration
Failed to query size of IP address table: File not found (2)

($CALLTRACE:000328E0:57C2D,116FEA,0582B1,7BC564B7,86,EBE,012560*2,C2FAD0,0001AFD1,7BC0C53A,0782A0,C56318*2,7739,63F7,012560,C2FAD0,507EC,2FAD0*2,0001AFD1,7BC0C53A,0782A0,12560*2,000582B1,14265,76,B05A,582B1*3,E5,117773,02178B,116FC3,7C68,057E5B,163E06,82,03FE29,FC,40177,1B735,F7B,C207,29CC,3FF3,C288,7BC646FF,0010BC4C,03FE29,FB,5EB3F,41B49,083D,620B4,168E,6BBC5814,7B629EDE*2,C5C6E4*3,EEB,64)


----------Exception---------------------02-10-2026 08:55:23.197----------------
EWin32Error   Code=0x0EEDFADE   Flags=0x1   Addr=0x7B012566   PID=1388   TID=1412   Build=18415

Failed to load network configuration
Failed to query size of IP address table: File not found (2)

($CALLTRACE:000328E0:7B012566,00057C2D*3,116FEA,0582B1,7BC564B7,86,EBE,012560*2,C2FAD0,0001AFD1,7BC0C53A,0782A0,C56318*2,7739,63F7,012560,C2FAD0,507EC,2FAD0*2,0001AFD1,7BC0C53A,0782A0,12560*2,000582B1,14265,76,B05A,582B1*3,E5,117773,02178B,116FC3,7C68,057E5B,163E06,82,03FE29,FC,40177,1B735,F7B,C207,29CC,3FF3,C288,7BC646FF,0010BC4C,03FE29,FB,5EB3F,41B49,083D,620B4,168E,6BBC5814,7B629EDE*2,C5C6E4*3,EEB,64)

02-10-2026 14:44:03.189 Initialization: OpenSSL validation error (details: Certificate chain validation error: certificate signed by unknown authority)
02-10-2026 14:44:03.388 [68|116] Agent Machine ID = 69bf0e85575094e0dcc4804f0223e6ba
----------Raised Exception--------------02-10-2026 14:44:03.692----------------
EWin32Error PID=68 TID=116 Build=18415

Failed to query size of IP address table: File not found (2)

($CALLTRACE:000328E0:582B1,E5,117773,02178B,116FC3,7C68,057E5B,163E06,82,03FE29,FC,40177,1B735,F7B,C207,29CC,3FF3,C288,7BC646FF,0010BC4C,03FE29,FB,5EB3F,41B49,083D,620B4,168E,6BBC5814,7B629EDE*2,C5C6E4*3,EEB,64)


----------Exception---------------------02-10-2026 14:44:03.702----------------
EWin32Error   Code=0x0EEDFADE   Flags=0x1   Addr=0x7B012566   PID=68   TID=116   Build=18415

Failed to query size of IP address table: File not found (2)

($CALLTRACE:000328E0:7B012566,000582B1*3,E5,117773,02178B,116FC3,7C68,057E5B,163E06,82,03FE29,FC,40177,1B735,F7B,C207,29CC,3FF3,C288,7BC646FF,0010BC4C,03FE29,FB,5EB3F,41B49,083D,620B4,168E,6BBC5814,7B629EDE*2,C5C6E4*3,EEB,64)

----------Raised Exception--------------02-10-2026 14:44:03.702----------------
EWin32Error PID=68 TID=116 Build=18415

Failed to load network configuration
Failed to query size of IP address table: File not found (2)

($CALLTRACE:000328E0:57C2D,116FEA,0582B1,7BC564B7,86,EBE,012560*2,C2FAD0,0001AFD1,7BC0C53A,0782A0,C56318*2,7739,63F7,012560,C2FAD0,507EC,2FAD0*2,0001AFD1,7BC0C53A,0782A0,12560*2,000582B1,14265,76,B05A,582B1*3,E5,117773,02178B,116FC3,7C68,057E5B,163E06,82,03FE29,FC,40177,1B735,F7B,C207,29CC,3FF3,C288,7BC646FF,0010BC4C,03FE29,FB,5EB3F,41B49,083D,620B4,168E,6BBC5814,7B629EDE*2,C5C6E4*3,EEB,64)


----------Exception---------------------02-10-2026 14:44:03.709----------------
EWin32Error   Code=0x0EEDFADE   Flags=0x1   Addr=0x7B012566   PID=68   TID=116   Build=18415

Failed to load network configuration
Failed to query size of IP address table: File not found (2)

($CALLTRACE:000328E0:7B012566,00057C2D*3,116FEA,0582B1,7BC564B7,86,EBE,012560*2,C2FAD0,0001AFD1,7BC0C53A,0782A0,C56318*2,7739,63F7,012560,C2FAD0,507EC,2FAD0*2,0001AFD1,7BC0C53A,0782A0,12560*2,000582B1,14265,76,B05A,582B1*3,E5,117773,02178B,116FC3,7C68,057E5B,163E06,82,03FE29,FC,40177,1B735,F7B,C207,29CC,3FF3,C288,7BC646FF,0010BC4C,03FE29,FB,5EB3F,41B49,083D,620B4,168E,6BBC5814,7B629EDE*2,C5C6E4*3,EEB,64)

----------Raised Exception--------------02-10-2026 14:45:15.635----------------
EWin32Error PID=68 TID=116 Build=18415

Failed to send control request to service: Broken pipe (109)

($CALLTRACE:000328E0:582B1,304,139,60A68,131A8,1C45BE,0131A8,57E5B,1C9B8E,0131A8,57E5B,62433,0CC,168E,6BBC5814,7B629EDE*2,C5C6E4*3,EEB,64)


----------Exception---------------------02-10-2026 14:45:15.636----------------
EWin32Error   Code=0x0EEDFADE   Flags=0x1   Addr=0x7B012566   PID=68   TID=116   Build=18415

Failed to send control request to service: Broken pipe (109)

($CALLTRACE:000328E0:7B012566,000582B1*3,304,139,60A68,131A8,1C45BE,0131A8,57E5B,1C9B8E,0131A8,57E5B,62433,0CC,168E,6BBC5814,7B629EDE*2,C5C6E4*3,EEB,64)

----------Raised Exception--------------02-10-2026 14:45:15.637----------------
EWin32Error PID=68 TID=116 Build=18415

Cannot stop service: Incredibuild BuildCache
Failed to send control request to service: Broken pipe (109)

($CALLTRACE:000328E0:57C2D,A6,60B16,582B1,7BC564B7,27EC9,56486,EBE,2FAD0*2,0001AFD1,8,7BC56318*2,7739,63F7,012560,C27EC9*2,FAD0,7066,FAD0*2,0001AFD1,8,7BC0C53A,0782A0,12560,6BBC6B67,7B012560,000582B1,14265,76,582B1*3,304,139,60A68,131A8,1C45BE,0131A8,57E5B,1C9B8E,0131A8,57E5B,62433,0CC,168E,6BBC5814,7B629EDE*2,C5C6E4*3,EEB,64)


----------Exception---------------------02-10-2026 14:45:15.637----------------
EWin32Error   Code=0x0EEDFADE   Flags=0x1   Addr=0x7B012566   PID=68   TID=116   Build=18415

Cannot stop service: Incredibuild BuildCache
Failed to send control request to service: Broken pipe (109)

($CALLTRACE:000328E0:7B012566,00057C2D*3,A6,60B16,582B1,7BC564B7,27EC9,56486,EBE,2FAD0*2,0001AFD1,8,7BC56318*2,7739,63F7,012560,C27EC9*2,FAD0,7066,FAD0*2,0001AFD1,8,7BC0C53A,0782A0,12560,6BBC6B67,7B012560,000582B1,14265,76,582B1*3,304,139,60A68,131A8,1C45BE,0131A8,57E5B,1C9B8E,0131A8,57E5B,62433,0CC,168E,6BBC5814,7B629EDE*2,C5C6E4*3,EEB,64)

----------Raised Exception--------------02-10-2026 14:45:15.638----------------
EWin32Error PID=68 TID=116 Build=18415

Error detected while destroying Service object.
Cannot stop service: Incredibuild BuildCache
Failed to send control request to service: Broken pipe (109)

($CALLTRACE:000328E0:57C2D,1C9BDD,057C2D,7BC564B7,86,EBE,6BBC74B7,0001AFD1,8,7BC56318,00013912,7BC56318,7739,63F7,012560,6BBC7529*2,7BC579ED,4068A,6BBC74B7,7BC285D9,0001AFD1,8,7BC0C53A,0782A0,00013912,7B012560*2,00057C2D*4,A6,60B16,582B1,7BC564B7,27EC9,56486,EBE,2FAD0*2,0001AFD1,8,7BC56318*2,7739,63F7,012560,C27EC9*2,FAD0,7066,FAD0*2,0001AFD1,8,7BC0C53A,0782A0,12560,6BBC6B67,7B012560,000582B1,14265,76,582B1*3,304,139,60A68,131A8,1C45BE,0131A8,57E5B,1C9B8E,0131A8,57E5B,62433,0CC,168E,6BBC5814,7B629EDE*2,C5C6E4*3,EEB,64)


----------Exception---------------------02-10-2026 14:45:15.638----------------
EWin32Error   Code=0x0EEDFADE   Flags=0x1   Addr=0x7B012566   PID=68   TID=116   Build=18415

Error detected while destroying Service object.
Cannot stop service: Incredibuild BuildCache
Failed to send control request to service: Broken pipe (109)

($CALLTRACE:000328E0:7B012566,00057C2D*3,1C9BDD,057C2D,7BC564B7,86,EBE,6BBC74B7,0001AFD1,8,7BC56318,00013912,7BC56318,7739,63F7,012560,6BBC7529*2,7BC579ED,4068A,6BBC74B7,7BC285D9,0001AFD1,8,7BC0C53A,0782A0,00013912,7B012560*2,00057C2D*4,A6,60B16,582B1,7BC564B7,27EC9,56486,EBE,2FAD0*2,0001AFD1,8,7BC56318*2,7739,63F7,012560,C27EC9*2,FAD0,7066,FAD0*2,0001AFD1,8,7BC0C53A,0782A0,12560,6BBC6B67,7B012560,000582B1,14265,76,582B1*3,304,139,60A68,131A8,1C45BE,0131A8,57E5B,1C9B8E,0131A8,57E5B,62433,0CC,168E,6BBC5814,7B629EDE*2,C5C6E4*3,EEB,64)

