Running setup process...
Setup temp directory: C:\windows\Temp\IncrediBuild_Setup_32\
Start decompressing data.....done
Decompressing setup data....done
Extracting setup.exe...done
Setup commandline: "C:\windows\Temp\IncrediBuild_Setup_32\Setup.exe" /installer_filename="Z:\ib-agent\ib_setup_console.exe" /Install /Components=Agent /Agent:AgentRole=Helper /Agent:HelperType=Floating /Agent:SingleUse=True /Agent:InstallAddins=OFF /Agent:OpenFirewall=OFF /Agent:AutoSelectPorts=OFF /Agent:HelperCores=8 /Agent:ServicePort=31105 /Agent:HelperPort=31106 /Coordinator=[COORDINATOR_TS_IP] /ProductCaption=IncrediBuild

-----------------------------------------------------------------------
Incredibuild Product Setup 10.38.0 (build 18681)
Copyright (C) 2001-2026 Incredibuild Software Ltd. All rights reserved.
-----------------------------------------------------------------------


Preparing to install...
Gathering information...
Verify user login data...
Verifying access permissions...
Checking running applications...
Stopping services...
Stopping components...
Uninstall additional applications...
Preparing a list to copy files...
Preparing to copy files...
Creating directories...
Setting directory permissions...
Setting registry permissions...
Backing up files...
Copying files...
Copying certificates...
Writing uninstall information...
Saving settings...
Installing VS Components...
Installing Incredibuild Endpoint Service...
Installing services...
Removing a previous version of Incredibuild Coordinator Manager...
Removing backup files...
Removing old rules from Windows Firewall...
Initialize Build Data folder...
Deleting unneeded registry values...
Maintaining Build Cache data...
Creating shortcuts...
Registering file types...
Registering shell extensions...
Registering tray-icon...
Registering application sounds...
Initialize Visual Studio Integration...
Updating environment...
Configuring Agent Ports...
Saving setup information...
Starting services...
Starting components...
Check VS Integration...
Deleting unneeded files...

Install successfully completed
    0 Error(s)
    0 Warning(s)
Running setup process...
Setup temp directory: C:\windows\Temp\IncrediBuild_Setup_32\
Start decompressing data.....done
Decompressing setup data....done
Extracting setup.exe...done
Setup commandline: "C:\windows\Temp\IncrediBuild_Setup_32\Setup.exe" /installer_filename="Z:\ib-agent\ib_setup_console.exe" /Install /Components=Agent /Agent:AgentRole=Helper /Agent:HelperType=Floating /Agent:SingleUse=True /Agent:InstallAddins=OFF /Agent:OpenFirewall=OFF /Agent:AutoSelectPorts=OFF /Agent:HelperCores=8 /Agent:ServicePort=31105 /Agent:HelperPort=31106 /Coordinator=[COORDINATOR_TS_IP] /ProductCaption=IncrediBuild

-----------------------------------------------------------------------
Incredibuild Product Setup 10.38.0 (build 18681)
Copyright (C) 2001-2026 Incredibuild Software Ltd. All rights reserved.
-----------------------------------------------------------------------


Preparing to install...
Gathering information...
Verify user login data...
Verifying access permissions...
Checking running applications...
Stopping services...
Stopping components...
Uninstall additional applications...
Preparing a list to copy files...
Preparing to copy files...
Creating directories...
Setting directory permissions...
Setting registry permissions...
Backing up files...
Copying files...
Copying certificates...
Writing uninstall information...
Saving settings...
Installing VS Components...
Installing Incredibuild Endpoint Service...
Installing services...
Removing a previous version of Incredibuild Coordinator Manager...
Removing backup files...
Removing old rules from Windows Firewall...
Initialize Build Data folder...
Deleting unneeded registry values...
Maintaining Build Cache data...
Creating shortcuts...
Registering file types...
Registering shell extensions...
Registering tray-icon...
Registering application sounds...
Initialize Visual Studio Integration...
Updating environment...
Configuring Agent Ports...
Saving setup information...
Starting services...
Starting components...
Check VS Integration...
Deleting unneeded files...

Install successfully completed
    0 Error(s)
    0 Warning(s)
Running setup process...
Setup temp directory: C:\windows\Temp\IncrediBuild_Setup_32\
Start decompressing data.....done
Decompressing setup data....done
Extracting setup.exe...done
Setup commandline: "C:\windows\Temp\IncrediBuild_Setup_32\Setup.exe" /installer_filename="Z:\ib-agent\ib_setup_console.exe" /Install /Components=Agent /Agent:AgentRole=Helper /Agent:HelperType=Floating /Agent:SingleUse=True /Agent:InstallAddins=OFF /Agent:OpenFirewall=OFF /Agent:AutoSelectPorts=OFF /Agent:HelperCores=8 /Agent:ServicePort=31105 /Agent:HelperPort=31106 /Coordinator=[COORDINATOR_TS_IP] /ProductCaption=IncrediBuild

-----------------------------------------------------------------------
Incredibuild Product Setup 10.38.0 (build 18681)
Copyright (C) 2001-2026 Incredibuild Software Ltd. All rights reserved.
-----------------------------------------------------------------------


Preparing to install...
Gathering information...
Verify user login data...
Verifying access permissions...
